c1101.c:38:6:CC1101	0	static
c1101.c:52:6:WakeUp	8	static
c1101.c:67:6:WriteReg	16	static
c1101.c:87:6:WriteBurstReg	16	static
c1101.c:111:6:CmdStrobe	0	static
c1101.c:131:9:ReadReg	16	static
c1101.c:156:6:ReadBurstReg	16	static
c1101.c:176:6:CC1101_reset	8	static
c1101.c:201:6:CC1101_setCCregs	80	static
c1101.c:278:6:CC1101_init	8	static
c1101.c:319:6:CC1101_setSyncWord	8	static
c1101.c:336:6:CC1101_setDevAddress	8	static
c1101.c:349:6:CC1101_setChannel	8	static
c1101.c:362:6:CC1101_setCarrierFreq	8	static
c1101.c:396:6:CC1101_setPowerDownState	8	static
c1101.c:415:6:CC1101_sendData	16	static
c1101.c:497:9:CC1101_receiveData	8	static
c1101.c:540:6:CC1101_setRxState	8	static
c1101.c:551:6:CC1101_setTxState	8	static
