c1101.c:33:6:delay_us	16	static
c1101.c:44:6:CC1101	4	static
c1101.c:58:6:WakeUp	8	static
c1101.c:73:6:WriteReg	16	static
c1101.c:93:6:WriteBurstReg	24	static
c1101.c:117:6:CmdStrobe	16	static
c1101.c:137:9:ReadReg	24	static
c1101.c:162:6:ReadBurstReg	24	static
c1101.c:182:6:CC1101_reset	8	static
c1101.c:207:6:CC1101_setCCregs	80	static
c1101.c:284:6:CC1101_init	16	static
c1101.c:325:6:CC1101_setSyncWord	16	static
c1101.c:342:6:CC1101_setDevAddress	16	static
c1101.c:355:6:CC1101_setChannel	16	static
c1101.c:368:6:CC1101_setCarrierFreq	16	static
c1101.c:402:6:CC1101_setPowerDownState	8	static
c1101.c:421:6:CC1101_sendData	24	static
c1101.c:503:9:CC1101_receiveData	24	static
c1101.c:548:6:CC1101_setRxState	8	static
c1101.c:559:6:CC1101_setTxState	8	static
