c1101.c:37:6:CC1101	4	static
c1101.c:51:6:WakeUp	8	static
c1101.c:66:6:WriteReg	16	static
c1101.c:86:6:WriteBurstReg	24	static
c1101.c:110:6:CmdStrobe	16	static
c1101.c:130:9:ReadReg	24	static
c1101.c:155:6:ReadBurstReg	24	static
c1101.c:175:6:CC1101_reset	8	static
c1101.c:200:6:CC1101_setCCregs	80	static
c1101.c:277:6:CC1101_init	16	static
c1101.c:318:6:CC1101_setSyncWord	16	static
c1101.c:335:6:CC1101_setDevAddress	16	static
c1101.c:348:6:CC1101_setChannel	16	static
c1101.c:361:6:CC1101_setCarrierFreq	16	static
c1101.c:395:6:CC1101_setPowerDownState	8	static
c1101.c:414:6:CC1101_sendData	24	static
c1101.c:496:9:CC1101_receiveData	24	static
c1101.c:539:6:CC1101_setRxState	8	static
c1101.c:550:6:CC1101_setTxState	8	static
